Archive member included to satisfy reference by file (symbol)

d:/program files/eclipse/avr-gcc-10.1.0-x64-windows/bin/../lib/gcc/avr/10.1.0/avr5\libgcc.a(_exit.o)
                              d:/program files/eclipse/avr-gcc-10.1.0-x64-windows/bin/../lib/gcc/avr/10.1.0/../../../../avr/lib/avr5/crtatmega32.o (exit)
d:/program files/eclipse/avr-gcc-10.1.0-x64-windows/bin/../lib/gcc/avr/10.1.0/avr5\libgcc.a(_clear_bss.o)
                              ./App.o (__do_clear_bss)

Memory Configuration

Name             Origin             Length             Attributes
text             0x0000000000000000 0x0000000000020000 xr
data             0x0000000000800060 0x000000000000ffa0 rw !x
eeprom           0x0000000000810000 0x0000000000010000 rw !x
fuse             0x0000000000820000 0x0000000000000002 rw !x
lock             0x0000000000830000 0x0000000000000400 rw !x
signature        0x0000000000840000 0x0000000000000400 rw !x
user_signatures  0x0000000000850000 0x0000000000000400 rw !x
*default*        0x0000000000000000 0xffffffffffffffff

Linker script and memory map

LOAD d:/program files/eclipse/avr-gcc-10.1.0-x64-windows/bin/../lib/gcc/avr/10.1.0/../../../../avr/lib/avr5/crtatmega32.o
LOAD ./App.o
LOAD ./BLUETOOTH.o
LOAD ./DIO.o
LOAD ./LED.o
LOAD ./SPI.o
LOAD ./UART.o
START GROUP
LOAD d:/program files/eclipse/avr-gcc-10.1.0-x64-windows/bin/../lib/gcc/avr/10.1.0/avr5\libgcc.a
LOAD d:/program files/eclipse/avr-gcc-10.1.0-x64-windows/bin/../lib/gcc/avr/10.1.0/../../../../avr/lib/avr5\libm.a
LOAD d:/program files/eclipse/avr-gcc-10.1.0-x64-windows/bin/../lib/gcc/avr/10.1.0/../../../../avr/lib/avr5\libc.a
LOAD d:/program files/eclipse/avr-gcc-10.1.0-x64-windows/bin/../lib/gcc/avr/10.1.0/../../../../avr/lib/avr5\libatmega32.a
END GROUP
                0x0000000000020000                __TEXT_REGION_LENGTH__ = DEFINED (__TEXT_REGION_LENGTH__)?__TEXT_REGION_LENGTH__:0x20000
                0x000000000000ffa0                __DATA_REGION_LENGTH__ = DEFINED (__DATA_REGION_LENGTH__)?__DATA_REGION_LENGTH__:0xffa0
                0x0000000000010000                __EEPROM_REGION_LENGTH__ = DEFINED (__EEPROM_REGION_LENGTH__)?__EEPROM_REGION_LENGTH__:0x10000
                [0x0000000000000002]                __FUSE_REGION_LENGTH__ = DEFINED (__FUSE_REGION_LENGTH__)?__FUSE_REGION_LENGTH__:0x400
                0x0000000000000400                __LOCK_REGION_LENGTH__ = DEFINED (__LOCK_REGION_LENGTH__)?__LOCK_REGION_LENGTH__:0x400
                0x0000000000000400                __SIGNATURE_REGION_LENGTH__ = DEFINED (__SIGNATURE_REGION_LENGTH__)?__SIGNATURE_REGION_LENGTH__:0x400
                0x0000000000000400                __USER_SIGNATURE_REGION_LENGTH__ = DEFINED (__USER_SIGNATURE_REGION_LENGTH__)?__USER_SIGNATURE_REGION_LENGTH__:0x400

.hash
 *(.hash)

.dynsym
 *(.dynsym)

.dynstr
 *(.dynstr)

.gnu.version
 *(.gnu.version)

.gnu.version_d
 *(.gnu.version_d)

.gnu.version_r
 *(.gnu.version_r)

.rel.init
 *(.rel.init)

.rela.init
 *(.rela.init)

.rel.text
 *(.rel.text)
 *(.rel.text.*)
 *(.rel.gnu.linkonce.t*)

.rela.text
 *(.rela.text)
 *(.rela.text.*)
 *(.rela.gnu.linkonce.t*)

.rel.fini
 *(.rel.fini)

.rela.fini
 *(.rela.fini)

.rel.rodata
 *(.rel.rodata)
 *(.rel.rodata.*)
 *(.rel.gnu.linkonce.r*)

.rela.rodata
 *(.rela.rodata)
 *(.rela.rodata.*)
 *(.rela.gnu.linkonce.r*)

.rel.data
 *(.rel.data)
 *(.rel.data.*)
 *(.rel.gnu.linkonce.d*)

.rela.data
 *(.rela.data)
 *(.rela.data.*)
 *(.rela.gnu.linkonce.d*)

.rel.ctors
 *(.rel.ctors)

.rela.ctors
 *(.rela.ctors)

.rel.dtors
 *(.rel.dtors)

.rela.dtors
 *(.rela.dtors)

.rel.got
 *(.rel.got)

.rela.got
 *(.rela.got)

.rel.bss
 *(.rel.bss)

.rela.bss
 *(.rela.bss)

.rel.plt
 *(.rel.plt)

.rela.plt
 *(.rela.plt)

.text           0x0000000000000000      0xae8
 *(.vectors)
 .vectors       0x0000000000000000       0x54 d:/program files/eclipse/avr-gcc-10.1.0-x64-windows/bin/../lib/gcc/avr/10.1.0/../../../../avr/lib/avr5/crtatmega32.o
                0x0000000000000000                __vector_default
                0x0000000000000000                __vectors
 *(.vectors)
 *(.progmem.gcc*)
                0x0000000000000054                . = ALIGN (0x2)
                0x0000000000000054                __trampolines_start = .
 *(.trampolines)
 .trampolines   0x0000000000000054        0x0 linker stubs
 *(.trampolines*)
                0x0000000000000054                __trampolines_end = .
 *libprintf_flt.a:*(.progmem.data)
 *libc.a:*(.progmem.data)
 *(.progmem.*)
                0x0000000000000054                . = ALIGN (0x2)
 *(.lowtext)
 *(.lowtext*)
                0x0000000000000054                __ctors_start = .
 *(.ctors)
                0x0000000000000054                __ctors_end = .
                0x0000000000000054                __dtors_start = .
 *(.dtors)
                0x0000000000000054                __dtors_end = .
 SORT_BY_NAME(*)(.ctors)
 SORT_BY_NAME(*)(.dtors)
 *(.init0)
 .init0         0x0000000000000054        0x0 d:/program files/eclipse/avr-gcc-10.1.0-x64-windows/bin/../lib/gcc/avr/10.1.0/../../../../avr/lib/avr5/crtatmega32.o
                0x0000000000000054                __init
 *(.init0)
 *(.init1)
 *(.init1)
 *(.init2)
 .init2         0x0000000000000054        0xc d:/program files/eclipse/avr-gcc-10.1.0-x64-windows/bin/../lib/gcc/avr/10.1.0/../../../../avr/lib/avr5/crtatmega32.o
 *(.init2)
 *(.init3)
 *(.init3)
 *(.init4)
 .init4         0x0000000000000060       0x10 d:/program files/eclipse/avr-gcc-10.1.0-x64-windows/bin/../lib/gcc/avr/10.1.0/avr5\libgcc.a(_clear_bss.o)
                0x0000000000000060                __do_clear_bss
 *(.init4)
 *(.init5)
 *(.init5)
 *(.init6)
 *(.init6)
 *(.init7)
 *(.init7)
 *(.init8)
 *(.init8)
 *(.init9)
 .init9         0x0000000000000070        0x8 d:/program files/eclipse/avr-gcc-10.1.0-x64-windows/bin/../lib/gcc/avr/10.1.0/../../../../avr/lib/avr5/crtatmega32.o
 *(.init9)
 *(.text)
 .text          0x0000000000000078        0x4 d:/program files/eclipse/avr-gcc-10.1.0-x64-windows/bin/../lib/gcc/avr/10.1.0/../../../../avr/lib/avr5/crtatmega32.o
                0x0000000000000078                __vector_1
                0x0000000000000078                __vector_12
                0x0000000000000078                __bad_interrupt
                0x0000000000000078                __vector_6
                0x0000000000000078                __vector_3
                0x0000000000000078                __vector_11
                0x0000000000000078                __vector_17
                0x0000000000000078                __vector_19
                0x0000000000000078                __vector_7
                0x0000000000000078                __vector_5
                0x0000000000000078                __vector_4
                0x0000000000000078                __vector_9
                0x0000000000000078                __vector_2
                0x0000000000000078                __vector_15
                0x0000000000000078                __vector_8
                0x0000000000000078                __vector_14
                0x0000000000000078                __vector_10
                0x0000000000000078                __vector_16
                0x0000000000000078                __vector_18
                0x0000000000000078                __vector_20
 .text          0x000000000000007c        0x0 ./App.o
 .text          0x000000000000007c        0x0 ./BLUETOOTH.o
 .text          0x000000000000007c        0x0 ./DIO.o
 .text          0x000000000000007c        0x0 ./LED.o
 .text          0x000000000000007c        0x0 ./SPI.o
 .text          0x000000000000007c        0x0 ./UART.o
 .text          0x000000000000007c        0x0 d:/program files/eclipse/avr-gcc-10.1.0-x64-windows/bin/../lib/gcc/avr/10.1.0/avr5\libgcc.a(_exit.o)
 .text          0x000000000000007c        0x0 d:/program files/eclipse/avr-gcc-10.1.0-x64-windows/bin/../lib/gcc/avr/10.1.0/avr5\libgcc.a(_clear_bss.o)
                0x000000000000007c                . = ALIGN (0x2)
 *(.text.*)
 .text.main     0x000000000000007c       0x12 ./App.o
                0x000000000000007c                main
 .text.__vector_13
                0x000000000000008e       0x62 ./App.o
                0x000000000000008e                __vector_13
 .text.BLUETOOTH_Init
                0x00000000000000f0       0x14 ./BLUETOOTH.o
                0x00000000000000f0                BLUETOOTH_Init
 .text.BLUETOOTH_Transmit
                0x0000000000000104       0x1c ./BLUETOOTH.o
                0x0000000000000104                BLUETOOTH_Transmit
 .text.BLUETOOTH_Recieved
                0x0000000000000120       0x1c ./BLUETOOTH.o
                0x0000000000000120                BLUETOOTH_Recieved
 .text.DIO_SetPin_Direction
                0x000000000000013c      0x200 ./DIO.o
                0x000000000000013c                DIO_SetPin_Direction
 .text.DIO_SetPin_Value
                0x000000000000033c      0x200 ./DIO.o
                0x000000000000033c                DIO_SetPin_Value
 .text.DIO_TglPin_Vlaue
                0x000000000000053c       0xf8 ./DIO.o
                0x000000000000053c                DIO_TglPin_Vlaue
 .text.DIO_GetPin_Value
                0x0000000000000634       0xc8 ./DIO.o
                0x0000000000000634                DIO_GetPin_Value
 .text.DIO_SET_PULLUP
                0x00000000000006fc       0xf8 ./DIO.o
                0x00000000000006fc                DIO_SET_PULLUP
 .text.LED0_Initialize
                0x00000000000007f4       0x1a ./LED.o
                0x00000000000007f4                LED0_Initialize
 .text.LED0_ON  0x000000000000080e       0x1a ./LED.o
                0x000000000000080e                LED0_ON
 .text.LED0_OFF
                0x0000000000000828       0x1a ./LED.o
                0x0000000000000828                LED0_OFF
 .text.LED0_TGL
                0x0000000000000842       0x18 ./LED.o
                0x0000000000000842                LED0_TGL
 .text.LED1_Initialize
                0x000000000000085a       0x1a ./LED.o
                0x000000000000085a                LED1_Initialize
 .text.LED1_ON  0x0000000000000874       0x1a ./LED.o
                0x0000000000000874                LED1_ON
 .text.LED1_OFF
                0x000000000000088e       0x1a ./LED.o
                0x000000000000088e                LED1_OFF
 .text.LED1_TGL
                0x00000000000008a8       0x18 ./LED.o
                0x00000000000008a8                LED1_TGL
 .text.LED2_Initialize
                0x00000000000008c0       0x1a ./LED.o
                0x00000000000008c0                LED2_Initialize
 .text.LED2_ON  0x00000000000008da       0x1a ./LED.o
                0x00000000000008da                LED2_ON
 .text.LED2_OFF
                0x00000000000008f4       0x1a ./LED.o
                0x00000000000008f4                LED2_OFF
 .text.LED2_TGL
                0x000000000000090e       0x18 ./LED.o
                0x000000000000090e                LED2_TGL
 .text.SPI_Init
                0x0000000000000926       0x88 ./SPI.o
                0x0000000000000926                SPI_Init
 .text.SPI_Transmit
                0x00000000000009ae       0x20 ./SPI.o
                0x00000000000009ae                SPI_Transmit
 .text.SPI_Receive
                0x00000000000009ce       0x16 ./SPI.o
                0x00000000000009ce                SPI_Receive
 .text.UART_Init
                0x00000000000009e4       0x64 ./UART.o
                0x00000000000009e4                UART_Init
 .text.UART_Transmit
                0x0000000000000a48       0x40 ./UART.o
                0x0000000000000a48                UART_Transmit
 .text.UART_Receive
                0x0000000000000a88       0x16 ./UART.o
                0x0000000000000a88                UART_Receive
 .text.UART_RECEIVE
                0x0000000000000a9e       0x46 ./UART.o
                0x0000000000000a9e                UART_RECEIVE
 .text.libgcc.mul
                0x0000000000000ae4        0x0 d:/program files/eclipse/avr-gcc-10.1.0-x64-windows/bin/../lib/gcc/avr/10.1.0/avr5\libgcc.a(_exit.o)
 .text.libgcc.div
                0x0000000000000ae4        0x0 d:/program files/eclipse/avr-gcc-10.1.0-x64-windows/bin/../lib/gcc/avr/10.1.0/avr5\libgcc.a(_exit.o)
 .text.libgcc   0x0000000000000ae4        0x0 d:/program files/eclipse/avr-gcc-10.1.0-x64-windows/bin/../lib/gcc/avr/10.1.0/avr5\libgcc.a(_exit.o)
 .text.libgcc.prologue
                0x0000000000000ae4        0x0 d:/program files/eclipse/avr-gcc-10.1.0-x64-windows/bin/../lib/gcc/avr/10.1.0/avr5\libgcc.a(_exit.o)
 .text.libgcc.builtins
                0x0000000000000ae4        0x0 d:/program files/eclipse/avr-gcc-10.1.0-x64-windows/bin/../lib/gcc/avr/10.1.0/avr5\libgcc.a(_exit.o)
 .text.libgcc.fmul
                0x0000000000000ae4        0x0 d:/program files/eclipse/avr-gcc-10.1.0-x64-windows/bin/../lib/gcc/avr/10.1.0/avr5\libgcc.a(_exit.o)
 .text.libgcc.fixed
                0x0000000000000ae4        0x0 d:/program files/eclipse/avr-gcc-10.1.0-x64-windows/bin/../lib/gcc/avr/10.1.0/avr5\libgcc.a(_exit.o)
 .text.libgcc.mul
                0x0000000000000ae4        0x0 d:/program files/eclipse/avr-gcc-10.1.0-x64-windows/bin/../lib/gcc/avr/10.1.0/avr5\libgcc.a(_clear_bss.o)
 .text.libgcc.div
                0x0000000000000ae4        0x0 d:/program files/eclipse/avr-gcc-10.1.0-x64-windows/bin/../lib/gcc/avr/10.1.0/avr5\libgcc.a(_clear_bss.o)
 .text.libgcc   0x0000000000000ae4        0x0 d:/program files/eclipse/avr-gcc-10.1.0-x64-windows/bin/../lib/gcc/avr/10.1.0/avr5\libgcc.a(_clear_bss.o)
 .text.libgcc.prologue
                0x0000000000000ae4        0x0 d:/program files/eclipse/avr-gcc-10.1.0-x64-windows/bin/../lib/gcc/avr/10.1.0/avr5\libgcc.a(_clear_bss.o)
 .text.libgcc.builtins
                0x0000000000000ae4        0x0 d:/program files/eclipse/avr-gcc-10.1.0-x64-windows/bin/../lib/gcc/avr/10.1.0/avr5\libgcc.a(_clear_bss.o)
 .text.libgcc.fmul
                0x0000000000000ae4        0x0 d:/program files/eclipse/avr-gcc-10.1.0-x64-windows/bin/../lib/gcc/avr/10.1.0/avr5\libgcc.a(_clear_bss.o)
 .text.libgcc.fixed
                0x0000000000000ae4        0x0 d:/program files/eclipse/avr-gcc-10.1.0-x64-windows/bin/../lib/gcc/avr/10.1.0/avr5\libgcc.a(_clear_bss.o)
                0x0000000000000ae4                . = ALIGN (0x2)
 *(.fini9)
 .fini9         0x0000000000000ae4        0x0 d:/program files/eclipse/avr-gcc-10.1.0-x64-windows/bin/../lib/gcc/avr/10.1.0/avr5\libgcc.a(_exit.o)
                0x0000000000000ae4                _exit
                0x0000000000000ae4                exit
 *(.fini9)
 *(.fini8)
 *(.fini8)
 *(.fini7)
 *(.fini7)
 *(.fini6)
 *(.fini6)
 *(.fini5)
 *(.fini5)
 *(.fini4)
 *(.fini4)
 *(.fini3)
 *(.fini3)
 *(.fini2)
 *(.fini2)
 *(.fini1)
 *(.fini1)
 *(.fini0)
 .fini0         0x0000000000000ae4        0x4 d:/program files/eclipse/avr-gcc-10.1.0-x64-windows/bin/../lib/gcc/avr/10.1.0/avr5\libgcc.a(_exit.o)
 *(.fini0)
 *(.hightext)
 *(.hightext*)
 *(.progmemx.*)
                0x0000000000000ae8                . = ALIGN (0x2)
 *(.jumptables)
 *(.jumptables*)
                0x0000000000000ae8                _etext = .

.data           0x0000000000800060        0x0 load address 0x0000000000000ae8
                [!provide]                        PROVIDE (__data_start = .)
 *(.data)
 .data          0x0000000000800060        0x0 d:/program files/eclipse/avr-gcc-10.1.0-x64-windows/bin/../lib/gcc/avr/10.1.0/../../../../avr/lib/avr5/crtatmega32.o
 .data          0x0000000000800060        0x0 ./App.o
 .data          0x0000000000800060        0x0 ./BLUETOOTH.o
 .data          0x0000000000800060        0x0 ./DIO.o
 .data          0x0000000000800060        0x0 ./LED.o
 .data          0x0000000000800060        0x0 ./SPI.o
 .data          0x0000000000800060        0x0 ./UART.o
 .data          0x0000000000800060        0x0 d:/program files/eclipse/avr-gcc-10.1.0-x64-windows/bin/../lib/gcc/avr/10.1.0/avr5\libgcc.a(_exit.o)
 .data          0x0000000000800060        0x0 d:/program files/eclipse/avr-gcc-10.1.0-x64-windows/bin/../lib/gcc/avr/10.1.0/avr5\libgcc.a(_clear_bss.o)
 *(.data*)
 *(.gnu.linkonce.d*)
 *(.rodata)
 *(.rodata*)
 *(.gnu.linkonce.r*)
                0x0000000000800060                . = ALIGN (0x2)
                0x0000000000800060                _edata = .
                [!provide]                        PROVIDE (__data_end = .)

.bss            0x0000000000800060        0x1
                0x0000000000800060                PROVIDE (__bss_start = .)
 *(.bss)
 .bss           0x0000000000800060        0x0 d:/program files/eclipse/avr-gcc-10.1.0-x64-windows/bin/../lib/gcc/avr/10.1.0/../../../../avr/lib/avr5/crtatmega32.o
 .bss           0x0000000000800060        0x0 ./App.o
 .bss           0x0000000000800060        0x0 ./BLUETOOTH.o
 .bss           0x0000000000800060        0x0 ./DIO.o
 .bss           0x0000000000800060        0x0 ./LED.o
 .bss           0x0000000000800060        0x0 ./SPI.o
 .bss           0x0000000000800060        0x0 ./UART.o
 .bss           0x0000000000800060        0x0 d:/program files/eclipse/avr-gcc-10.1.0-x64-windows/bin/../lib/gcc/avr/10.1.0/avr5\libgcc.a(_exit.o)
 .bss           0x0000000000800060        0x0 d:/program files/eclipse/avr-gcc-10.1.0-x64-windows/bin/../lib/gcc/avr/10.1.0/avr5\libgcc.a(_clear_bss.o)
 *(.bss*)
 .bss.data      0x0000000000800060        0x1 ./App.o
                0x0000000000800060                data
 *(COMMON)
                0x0000000000800061                PROVIDE (__bss_end = .)
                0x0000000000000ae8                __data_load_start = LOADADDR (.data)
                0x0000000000000ae8                __data_load_end = (__data_load_start + SIZEOF (.data))

.noinit         0x0000000000800061        0x0
                [!provide]                        PROVIDE (__noinit_start = .)
 *(.noinit*)
                [!provide]                        PROVIDE (__noinit_end = .)
                0x0000000000800061                _end = .
                [!provide]                        PROVIDE (__heap_start = .)

.eeprom         0x0000000000810000        0x0
 *(.eeprom*)
                0x0000000000810000                __eeprom_end = .

.fuse
 *(.fuse)
 *(.lfuse)
 *(.hfuse)
 *(.efuse)

.lock
 *(.lock*)

.signature
 *(.signature*)

.stab           0x0000000000000000      0xd8c
 *(.stab)
 .stab          0x0000000000000000       0xf0 ./App.o
 .stab          0x00000000000000f0      0x120 ./BLUETOOTH.o
                                        0x12c (size before relaxing)
 .stab          0x0000000000000210      0x540 ./DIO.o
                                        0x54c (size before relaxing)
 .stab          0x0000000000000750      0x270 ./LED.o
                                        0x27c (size before relaxing)
 .stab          0x00000000000009c0      0x15c ./SPI.o
                                        0x168 (size before relaxing)
 .stab          0x0000000000000b1c      0x270 ./UART.o
                                        0x27c (size before relaxing)

.stabstr        0x0000000000000000      0x4ac
 *(.stabstr)
 .stabstr       0x0000000000000000      0x4ac ./App.o

.stab.excl
 *(.stab.excl)

.stab.exclstr
 *(.stab.exclstr)

.stab.index
 *(.stab.index)

.stab.indexstr
 *(.stab.indexstr)

.comment        0x0000000000000000       0x12
 *(.comment)
 .comment       0x0000000000000000       0x12 ./App.o
                                         0x13 (size before relaxing)
 .comment       0x0000000000000012       0x13 ./BLUETOOTH.o
 .comment       0x0000000000000012       0x13 ./DIO.o
 .comment       0x0000000000000012       0x13 ./LED.o
 .comment       0x0000000000000012       0x13 ./SPI.o
 .comment       0x0000000000000012       0x13 ./UART.o

.note.gnu.avr.deviceinfo
                0x0000000000000000       0x3c
 .note.gnu.avr.deviceinfo
                0x0000000000000000       0x3c d:/program files/eclipse/avr-gcc-10.1.0-x64-windows/bin/../lib/gcc/avr/10.1.0/../../../../avr/lib/avr5/crtatmega32.o

.note.gnu.build-id
 *(.note.gnu.build-id)

.debug
 *(.debug)

.line
 *(.line)

.debug_srcinfo
 *(.debug_srcinfo)

.debug_sfnames
 *(.debug_sfnames)

.debug_aranges  0x0000000000000000       0x40
 *(.debug_aranges)
 .debug_aranges
                0x0000000000000000       0x20 d:/program files/eclipse/avr-gcc-10.1.0-x64-windows/bin/../lib/gcc/avr/10.1.0/avr5\libgcc.a(_exit.o)
 .debug_aranges
                0x0000000000000020       0x20 d:/program files/eclipse/avr-gcc-10.1.0-x64-windows/bin/../lib/gcc/avr/10.1.0/avr5\libgcc.a(_clear_bss.o)

.debug_pubnames
 *(.debug_pubnames)

.debug_info     0x0000000000000000      0x532
 *(.debug_info .gnu.linkonce.wi.*)
 .debug_info    0x0000000000000000      0x4e6 d:/program files/eclipse/avr-gcc-10.1.0-x64-windows/bin/../lib/gcc/avr/10.1.0/../../../../avr/lib/avr5/crtatmega32.o
 .debug_info    0x00000000000004e6       0x26 d:/program files/eclipse/avr-gcc-10.1.0-x64-windows/bin/../lib/gcc/avr/10.1.0/avr5\libgcc.a(_exit.o)
 .debug_info    0x000000000000050c       0x26 d:/program files/eclipse/avr-gcc-10.1.0-x64-windows/bin/../lib/gcc/avr/10.1.0/avr5\libgcc.a(_clear_bss.o)

.debug_abbrev   0x0000000000000000      0x4cb
 *(.debug_abbrev)
 .debug_abbrev  0x0000000000000000      0x4a3 d:/program files/eclipse/avr-gcc-10.1.0-x64-windows/bin/../lib/gcc/avr/10.1.0/../../../../avr/lib/avr5/crtatmega32.o
 .debug_abbrev  0x00000000000004a3       0x14 d:/program files/eclipse/avr-gcc-10.1.0-x64-windows/bin/../lib/gcc/avr/10.1.0/avr5\libgcc.a(_exit.o)
 .debug_abbrev  0x00000000000004b7       0x14 d:/program files/eclipse/avr-gcc-10.1.0-x64-windows/bin/../lib/gcc/avr/10.1.0/avr5\libgcc.a(_clear_bss.o)

.debug_line     0x0000000000000000      0x103
 *(.debug_line .debug_line.* .debug_line_end)
 .debug_line    0x0000000000000000       0x1d d:/program files/eclipse/avr-gcc-10.1.0-x64-windows/bin/../lib/gcc/avr/10.1.0/../../../../avr/lib/avr5/crtatmega32.o
 .debug_line    0x000000000000001d       0x61 d:/program files/eclipse/avr-gcc-10.1.0-x64-windows/bin/../lib/gcc/avr/10.1.0/avr5\libgcc.a(_exit.o)
 .debug_line    0x000000000000007e       0x85 d:/program files/eclipse/avr-gcc-10.1.0-x64-windows/bin/../lib/gcc/avr/10.1.0/avr5\libgcc.a(_clear_bss.o)

.debug_frame
 *(.debug_frame)

.debug_str      0x0000000000000000      0x1f8
 *(.debug_str)
 .debug_str     0x0000000000000000      0x199 d:/program files/eclipse/avr-gcc-10.1.0-x64-windows/bin/../lib/gcc/avr/10.1.0/../../../../avr/lib/avr5/crtatmega32.o
 .debug_str     0x0000000000000199       0x5f d:/program files/eclipse/avr-gcc-10.1.0-x64-windows/bin/../lib/gcc/avr/10.1.0/avr5\libgcc.a(_exit.o)
 .debug_str     0x00000000000001f8       0x5f d:/program files/eclipse/avr-gcc-10.1.0-x64-windows/bin/../lib/gcc/avr/10.1.0/avr5\libgcc.a(_clear_bss.o)

.debug_loc
 *(.debug_loc)

.debug_macinfo
 *(.debug_macinfo)

.debug_weaknames
 *(.debug_weaknames)

.debug_funcnames
 *(.debug_funcnames)

.debug_typenames
 *(.debug_typenames)

.debug_varnames
 *(.debug_varnames)

.debug_pubtypes
 *(.debug_pubtypes)

.debug_ranges
 *(.debug_ranges)

.debug_macro
 *(.debug_macro)

.debug_addr
 *(.debug_addr)
OUTPUT(Smart_Home_Project_Master.elf elf32-avr)
LOAD linker stubs
